<?xml version="1.0" encoding="UTF-8"?>
<testsuites name="jest tests" tests="224" failures="0" errors="0" time="7.006">
  <testsuite name="AuthService" errors="0" failures="0" skipped="0" timestamp="2026-06-07T22:39:18" time="5.944" tests="67">
    <testcase classname="AuthService register creates user and returns token" name="AuthService register creates user and returns token" time="0.09">
    </testcase>
    <testcase classname="AuthService register normalizes email to lowercase" name="AuthService register normalizes email to lowercase" time="0.064">
    </testcase>
    <testcase classname="AuthService register throws ValidationError for invalid email" name="AuthService register throws ValidationError for invalid email" time="0.01">
    </testcase>
    <testcase classname="AuthService register throws ValidationError for short password" name="AuthService register throws ValidationError for short password" time="0">
    </testcase>
    <testcase classname="AuthService register throws ValidationError for empty name" name="AuthService register throws ValidationError for empty name" time="0">
    </testcase>
    <testcase classname="AuthService register throws ConflictError for duplicate email" name="AuthService register throws ConflictError for duplicate email" time="0.091">
    </testcase>
    <testcase classname="AuthService login succeeds with correct credentials" name="AuthService login succeeds with correct credentials" time="0.154">
    </testcase>
    <testcase classname="AuthService login is case-insensitive for email" name="AuthService login is case-insensitive for email" time="0.125">
    </testcase>
    <testcase classname="AuthService login throws UnauthorizedError for wrong password" name="AuthService login throws UnauthorizedError for wrong password" time="0.145">
    </testcase>
    <testcase classname="AuthService login throws UnauthorizedError for unknown email" name="AuthService login throws UnauthorizedError for unknown email" time="0">
    </testcase>
    <testcase classname="AuthService login throws UnauthorizedError for deactivated user" name="AuthService login throws UnauthorizedError for deactivated user" time="0.084">
    </testcase>
    <testcase classname="AuthService getProfile returns user dto" name="AuthService getProfile returns user dto" time="0.062">
    </testcase>
    <testcase classname="AuthService getProfile throws UnauthorizedError for unknown id" name="AuthService getProfile throws UnauthorizedError for unknown id" time="0.001">
    </testcase>
    <testcase classname="ProjectService create adds user as OWNER" name="ProjectService create adds user as OWNER" time="0.084">
    </testcase>
    <testcase classname="ProjectService create throws ValidationError for empty name" name="ProjectService create throws ValidationError for empty name" time="0.064">
    </testcase>
    <testcase classname="ProjectService getById throws ForbiddenError for non-member" name="ProjectService getById throws ForbiddenError for non-member" time="0.145">
    </testcase>
    <testcase classname="ProjectService listForUser returns only owned/member projects" name="ProjectService listForUser returns only owned/member projects" time="0.146">
    </testcase>
    <testcase classname="ProjectService update works for owner" name="ProjectService update works for owner" time="0.085">
    </testcase>
    <testcase classname="ProjectService update throws ForbiddenError for non-owner member" name="ProjectService update throws ForbiddenError for non-owner member" time="0.148">
    </testcase>
    <testcase classname="ProjectService delete removes project and throws 404 on re-fetch" name="ProjectService delete removes project and throws 404 on re-fetch" time="0.063">
    </testcase>
    <testcase classname="ProjectService addMember throws ConflictError if already member" name="ProjectService addMember throws ConflictError if already member" time="0.145">
    </testcase>
    <testcase classname="ProjectService addMember throws NotFoundError for non-existent user" name="ProjectService addMember throws NotFoundError for non-existent user" time="0.063">
    </testcase>
    <testcase classname="ProjectService removeMember throws ForbiddenError if trying to remove owner" name="ProjectService removeMember throws ForbiddenError if trying to remove owner" time="0.084">
    </testcase>
    <testcase classname="ProjectService getMembers returns member list for project members" name="ProjectService getMembers returns member list for project members" time="0.147">
    </testcase>
    <testcase classname="ProjectService getMemberRole returns null for non-member" name="ProjectService getMemberRole returns null for non-member" time="0.063">
    </testcase>
    <testcase classname="ProjectService ensureOwner throws NotFoundError for non-member" name="ProjectService ensureOwner throws NotFoundError for non-member" time="0.085">
    </testcase>
    <testcase classname="TaskService create adds task to project" name="TaskService create adds task to project" time="0.063">
    </testcase>
    <testcase classname="TaskService create throws ForbiddenError for non-member" name="TaskService create throws ForbiddenError for non-member" time="0.086">
    </testcase>
    <testcase classname="TaskService create throws ValidationError for empty title" name="TaskService create throws ValidationError for empty title" time="0.063">
    </testcase>
    <testcase classname="TaskService create throws ValidationError for negative estimatedHours" name="TaskService create throws ValidationError for negative estimatedHours" time="0.084">
    </testcase>
    <testcase classname="TaskService getById returns task for member" name="TaskService getById returns task for member" time="0.063">
    </testcase>
    <testcase classname="TaskService getById throws NotFoundError for unknown task" name="TaskService getById throws NotFoundError for unknown task" time="0.085">
    </testcase>
    <testcase classname="TaskService listByProject returns paginated response" name="TaskService listByProject returns paginated response" time="0.063">
    </testcase>
    <testcase classname="TaskService listByProject throws ValidationError for page &lt; 1" name="TaskService listByProject throws ValidationError for page &lt; 1" time="0.085">
    </testcase>
    <testcase classname="TaskService listByProject throws ValidationError for pageSize &gt; 100" name="TaskService listByProject throws ValidationError for pageSize &gt; 100" time="0.062">
    </testcase>
    <testcase classname="TaskService update changes task title" name="TaskService update changes task title" time="0.063">
    </testcase>
    <testcase classname="TaskService update throws NotFoundError for unknown task" name="TaskService update throws NotFoundError for unknown task" time="0.084">
    </testcase>
    <testcase classname="TaskService update throws ValidationError for negative actualHours" name="TaskService update throws ValidationError for negative actualHours" time="0.063">
    </testcase>
    <testcase classname="TaskService delete — owner can delete any task" name="TaskService delete — owner can delete any task" time="0.084">
    </testcase>
    <testcase classname="TaskService delete — creator can delete their task" name="TaskService delete — creator can delete their task" time="0.147">
    </testcase>
    <testcase classname="TaskService delete — throws ForbiddenError for non-member" name="TaskService delete — throws ForbiddenError for non-member" time="0.063">
    </testcase>
    <testcase classname="TaskService delete — throws ForbiddenError for unrelated member" name="TaskService delete — throws ForbiddenError for unrelated member" time="0.147">
    </testcase>
    <testcase classname="TaskService delete throws NotFoundError for unknown task" name="TaskService delete throws NotFoundError for unknown task" time="0.085">
    </testcase>
    <testcase classname="TaskService isOverdue is true for past-due active task" name="TaskService isOverdue is true for past-due active task" time="0.062">
    </testcase>
    <testcase classname="TaskService isOverdue is false for DONE task even if past due" name="TaskService isOverdue is false for DONE task even if past due" time="0.085">
    </testcase>
    <testcase classname="TaskService getOverdue returns overdue tasks" name="TaskService getOverdue returns overdue tasks" time="0.063">
    </testcase>
    <testcase classname="TaskService getRanked returns tasks sorted by priority weight" name="TaskService getRanked returns tasks sorted by priority weight" time="0.084">
    </testcase>
    <testcase classname="TaskService getPenalty returns 0 without strategy" name="TaskService getPenalty returns 0 without strategy" time="0.063">
    </testcase>
    <testcase classname="TaskService getPenalty uses configured strategy" name="TaskService getPenalty uses configured strategy" time="0.085">
    </testcase>
    <testcase classname="TaskService bulkUpdateStatus updates multiple tasks" name="TaskService bulkUpdateStatus updates multiple tasks" time="0.064">
    </testcase>
    <testcase classname="TaskService update emits task.status_changed event on status change" name="TaskService update emits task.status_changed event on status change" time="0.063">
    </testcase>
    <testcase classname="CommentService create adds comment to task" name="CommentService create adds comment to task" time="0.085">
    </testcase>
    <testcase classname="CommentService create throws NotFoundError for unknown task" name="CommentService create throws NotFoundError for unknown task" time="0.064">
    </testcase>
    <testcase classname="CommentService create throws ForbiddenError for non-member" name="CommentService create throws ForbiddenError for non-member" time="0.085">
    </testcase>
    <testcase classname="CommentService create throws ValidationError for empty content" name="CommentService create throws ValidationError for empty content" time="0.063">
    </testcase>
    <testcase classname="CommentService listByTask returns comments for task" name="CommentService listByTask returns comments for task" time="0.085">
    </testcase>
    <testcase classname="CommentService update changes comment content" name="CommentService update changes comment content" time="0.063">
    </testcase>
    <testcase classname="CommentService update throws ForbiddenError for different author" name="CommentService update throws ForbiddenError for different author" time="0.146">
    </testcase>
    <testcase classname="CommentService delete removes comment" name="CommentService delete removes comment" time="0.085">
    </testcase>
    <testcase classname="CommentService delete throws ForbiddenError for non-author" name="CommentService delete throws ForbiddenError for non-author" time="0.148">
    </testcase>
    <testcase classname="StatsService returns zero stats for empty project" name="StatsService returns zero stats for empty project" time="0.062">
    </testcase>
    <testcase classname="StatsService completionRate is 100 when all tasks done" name="StatsService completionRate is 100 when all tasks done" time="0.086">
    </testcase>
    <testcase classname="StatsService counts byStatus correctly" name="StatsService counts byStatus correctly" time="0.063">
    </testcase>
    <testcase classname="StatsService counts overdueCount correctly" name="StatsService counts overdueCount correctly" time="0.063">
    </testcase>
    <testcase classname="StatsService avgEstimatedHours is calculated correctly" name="StatsService avgEstimatedHours is calculated correctly" time="0.087">
    </testcase>
    <testcase classname="StatsService throws ForbiddenError for non-member" name="StatsService throws ForbiddenError for non-member" time="0.063">
    </testcase>
    <testcase classname="StatsService all statuses are present in byStatus" name="StatsService all statuses are present in byStatus" time="0.086">
    </testcase>
  </testsuite>
  <testsuite name="hashPassword / verifyPassword" errors="0" failures="0" skipped="0" timestamp="2026-06-07T22:39:24" time="0.92" tests="25">
    <testcase classname="hashPassword / verifyPassword returns a non-empty string" name="hashPassword / verifyPassword returns a non-empty string" time="0.089">
    </testcase>
    <testcase classname="hashPassword / verifyPassword verifies correct password" name="hashPassword / verifyPassword verifies correct password" time="0.153">
    </testcase>
    <testcase classname="hashPassword / verifyPassword rejects wrong password" name="hashPassword / verifyPassword rejects wrong password" time="0.147">
    </testcase>
    <testcase classname="hashPassword / verifyPassword different hashes for same password (random salt)" name="hashPassword / verifyPassword different hashes for same password (random salt)" time="0.125">
    </testcase>
    <testcase classname="hashPassword / verifyPassword rejects malformed stored hash" name="hashPassword / verifyPassword rejects malformed stored hash" time="0.086">
    </testcase>
    <testcase classname="hashPassword / verifyPassword rejects empty stored hash" name="hashPassword / verifyPassword rejects empty stored hash" time="0">
    </testcase>
    <testcase classname="hashPassword / verifyPassword hashes with special characters work" name="hashPassword / verifyPassword hashes with special characters work" time="0.148">
    </testcase>
    <testcase classname="hashPassword / verifyPassword hashes with unicode work" name="hashPassword / verifyPassword hashes with unicode work" time="0.149">
    </testcase>
    <testcase classname="signToken / verifyToken produces 3-part JWT-like token" name="signToken / verifyToken produces 3-part JWT-like token" time="0">
    </testcase>
    <testcase classname="signToken / verifyToken verifies own token and returns payload" name="signToken / verifyToken verifies own token and returns payload" time="0.001">
    </testcase>
    <testcase classname="signToken / verifyToken payload has iat and exp" name="signToken / verifyToken payload has iat and exp" time="0">
    </testcase>
    <testcase classname="signToken / verifyToken throws on tampered payload" name="signToken / verifyToken throws on tampered payload" time="0.005">
    </testcase>
    <testcase classname="signToken / verifyToken throws on malformed token (&lt; 3 parts)" name="signToken / verifyToken throws on malformed token (&lt; 3 parts)" time="0">
    </testcase>
    <testcase classname="signToken / verifyToken throws on expired token" name="signToken / verifyToken throws on expired token" time="0.001">
    </testcase>
    <testcase classname="isValidEmail accepts valid emails" name="isValidEmail accepts valid emails" time="0">
    </testcase>
    <testcase classname="isValidEmail rejects invalid emails" name="isValidEmail rejects invalid emails" time="0">
    </testcase>
    <testcase classname="isValidPassword accepts passwords of 8+ chars" name="isValidPassword accepts passwords of 8+ chars" time="0">
    </testcase>
    <testcase classname="isValidPassword rejects passwords shorter than 8 chars" name="isValidPassword rejects passwords shorter than 8 chars" time="0">
    </testcase>
    <testcase classname="sanitizeString trims whitespace" name="sanitizeString trims whitespace" time="0.001">
    </testcase>
    <testcase classname="sanitizeString truncates to maxLen" name="sanitizeString truncates to maxLen" time="0">
    </testcase>
    <testcase classname="sanitizeString returns empty string for whitespace-only" name="sanitizeString returns empty string for whitespace-only" time="0">
    </testcase>
    <testcase classname="sanitizeString uses default maxLen of 500" name="sanitizeString uses default maxLen of 500" time="0">
    </testcase>
    <testcase classname="isNonEmptyString returns true for non-empty strings" name="isNonEmptyString returns true for non-empty strings" time="0">
    </testcase>
    <testcase classname="isNonEmptyString returns false for empty or whitespace" name="isNonEmptyString returns false for empty or whitespace" time="0">
    </testcase>
    <testcase classname="isNonEmptyString returns false for non-strings" name="isNonEmptyString returns false for non-strings" time="0">
    </testcase>
  </testsuite>
  <testsuite name="InMemoryUserRepository" errors="0" failures="0" skipped="0" timestamp="2026-06-07T22:39:25" time="0.044" tests="59">
    <testcase classname="InMemoryUserRepository creates a user and assigns id/timestamps" name="InMemoryUserRepository creates a user and assigns id/timestamps" time="0.001">
    </testcase>
    <testcase classname="InMemoryUserRepository throws ConflictError on duplicate email" name="InMemoryUserRepository throws ConflictError on duplicate email" time="0.006">
    </testcase>
    <testcase classname="InMemoryUserRepository email lookup is case-insensitive" name="InMemoryUserRepository email lookup is case-insensitive" time="0">
    </testcase>
    <testcase classname="InMemoryUserRepository findById returns null for unknown id" name="InMemoryUserRepository findById returns null for unknown id" time="0">
    </testcase>
    <testcase classname="InMemoryUserRepository findByEmail returns null for unknown email" name="InMemoryUserRepository findByEmail returns null for unknown email" time="0">
    </testcase>
    <testcase classname="InMemoryUserRepository update changes name and updates timestamp" name="InMemoryUserRepository update changes name and updates timestamp" time="0">
    </testcase>
    <testcase classname="InMemoryUserRepository update throws NotFoundError for unknown id" name="InMemoryUserRepository update throws NotFoundError for unknown id" time="0.001">
    </testcase>
    <testcase classname="InMemoryUserRepository delete removes user from store" name="InMemoryUserRepository delete removes user from store" time="0">
    </testcase>
    <testcase classname="InMemoryUserRepository delete throws NotFoundError for unknown id" name="InMemoryUserRepository delete throws NotFoundError for unknown id" time="0">
    </testcase>
    <testcase classname="InMemoryUserRepository findAll returns all users" name="InMemoryUserRepository findAll returns all users" time="0">
    </testcase>
    <testcase classname="InMemoryUserRepository clear empties the store" name="InMemoryUserRepository clear empties the store" time="0">
    </testcase>
    <testcase classname="InMemoryUserRepository returns cloned objects (mutations do not affect store)" name="InMemoryUserRepository returns cloned objects (mutations do not affect store)" time="0">
    </testcase>
    <testcase classname="InMemoryUserRepository deactivated user flag is persisted" name="InMemoryUserRepository deactivated user flag is persisted" time="0">
    </testcase>
    <testcase classname="InMemoryProjectRepository creates project and auto-adds owner as OWNER member" name="InMemoryProjectRepository creates project and auto-adds owner as OWNER member" time="0">
    </testcase>
    <testcase classname="InMemoryProjectRepository findById returns null for unknown" name="InMemoryProjectRepository findById returns null for unknown" time="0">
    </testcase>
    <testcase classname="InMemoryProjectRepository findAllForUser returns only projects the user belongs to" name="InMemoryProjectRepository findAllForUser returns only projects the user belongs to" time="0">
    </testcase>
    <testcase classname="InMemoryProjectRepository update changes name and description" name="InMemoryProjectRepository update changes name and description" time="0">
    </testcase>
    <testcase classname="InMemoryProjectRepository update throws NotFoundError for unknown id" name="InMemoryProjectRepository update throws NotFoundError for unknown id" time="0.001">
    </testcase>
    <testcase classname="InMemoryProjectRepository delete removes project and cleans up memberships" name="InMemoryProjectRepository delete removes project and cleans up memberships" time="0">
    </testcase>
    <testcase classname="InMemoryProjectRepository addMember adds a MEMBER" name="InMemoryProjectRepository addMember adds a MEMBER" time="0.001">
    </testcase>
    <testcase classname="InMemoryProjectRepository removeMember removes membership" name="InMemoryProjectRepository removeMember removes membership" time="0">
    </testcase>
    <testcase classname="InMemoryProjectRepository getMemberCount returns correct count" name="InMemoryProjectRepository getMemberCount returns correct count" time="0">
    </testcase>
    <testcase classname="InMemoryProjectRepository projects are sorted newest first" name="InMemoryProjectRepository projects are sorted newest first" time="0.002">
    </testcase>
    <testcase classname="InMemoryProjectRepository delete throws NotFoundError for unknown project" name="InMemoryProjectRepository delete throws NotFoundError for unknown project" time="0">
    </testcase>
    <testcase classname="InMemoryTaskRepository creates task with defaults" name="InMemoryTaskRepository creates task with defaults" time="0">
    </testcase>
    <testcase classname="InMemoryTaskRepository findById returns null for unknown" name="InMemoryTaskRepository findById returns null for unknown" time="0">
    </testcase>
    <testcase classname="InMemoryTaskRepository findManyByProject — pagination works" name="InMemoryTaskRepository findManyByProject — pagination works" time="0.001">
    </testcase>
    <testcase classname="InMemoryTaskRepository findManyByProject — page 2" name="InMemoryTaskRepository findManyByProject — page 2" time="0">
    </testcase>
    <testcase classname="InMemoryTaskRepository findManyByProject — filter by status" name="InMemoryTaskRepository findManyByProject — filter by status" time="0">
    </testcase>
    <testcase classname="InMemoryTaskRepository findManyByProject — filter by priority" name="InMemoryTaskRepository findManyByProject — filter by priority" time="0">
    </testcase>
    <testcase classname="InMemoryTaskRepository findManyByProject — filter by assigneeId" name="InMemoryTaskRepository findManyByProject — filter by assigneeId" time="0">
    </testcase>
    <testcase classname="InMemoryTaskRepository findManyByProject — full-text search in title" name="InMemoryTaskRepository findManyByProject — full-text search in title" time="0">
    </testcase>
    <testcase classname="InMemoryTaskRepository findManyByProject — search in description" name="InMemoryTaskRepository findManyByProject — search in description" time="0">
    </testcase>
    <testcase classname="InMemoryTaskRepository findManyByProject — isolates by projectId" name="InMemoryTaskRepository findManyByProject — isolates by projectId" time="0">
    </testcase>
    <testcase classname="InMemoryTaskRepository update changes fields" name="InMemoryTaskRepository update changes fields" time="0">
    </testcase>
    <testcase classname="InMemoryTaskRepository update throws NotFoundError for unknown id" name="InMemoryTaskRepository update throws NotFoundError for unknown id" time="0.002">
    </testcase>
    <testcase classname="InMemoryTaskRepository delete removes task" name="InMemoryTaskRepository delete removes task" time="0">
    </testcase>
    <testcase classname="InMemoryTaskRepository delete throws NotFoundError for unknown id" name="InMemoryTaskRepository delete throws NotFoundError for unknown id" time="0">
    </testcase>
    <testcase classname="InMemoryTaskRepository countByStatus returns correct counts" name="InMemoryTaskRepository countByStatus returns correct counts" time="0">
    </testcase>
    <testcase classname="InMemoryTaskRepository countByPriority returns correct counts" name="InMemoryTaskRepository countByPriority returns correct counts" time="0">
    </testcase>
    <testcase classname="InMemoryTaskRepository findOverdue returns only overdue non-done tasks" name="InMemoryTaskRepository findOverdue returns only overdue non-done tasks" time="0.001">
    </testcase>
    <testcase classname="InMemoryTaskRepository findOverdue excludes CANCELLED tasks" name="InMemoryTaskRepository findOverdue excludes CANCELLED tasks" time="0">
    </testcase>
    <testcase classname="InMemoryTaskRepository findByAssignee returns tasks assigned to user" name="InMemoryTaskRepository findByAssignee returns tasks assigned to user" time="0">
    </testcase>
    <testcase classname="InMemoryTaskRepository deleteByProjectId removes all tasks for project" name="InMemoryTaskRepository deleteByProjectId removes all tasks for project" time="0">
    </testcase>
    <testcase classname="InMemoryTaskRepository sorting by priority desc works" name="InMemoryTaskRepository sorting by priority desc works" time="0">
    </testcase>
    <testcase classname="InMemoryTaskRepository size() returns count of stored items" name="InMemoryTaskRepository size() returns count of stored items" time="0.001">
    </testcase>
    <testcase classname="InMemoryTaskRepository all task statuses can be set" name="InMemoryTaskRepository all task statuses can be set" time="0">
    </testcase>
    <testcase classname="InMemoryTaskRepository all task priorities can be set" name="InMemoryTaskRepository all task priorities can be set" time="0">
    </testcase>
    <testcase classname="InMemoryCommentRepository creates a comment" name="InMemoryCommentRepository creates a comment" time="0">
    </testcase>
    <testcase classname="InMemoryCommentRepository findByTask returns sorted by createdAt asc" name="InMemoryCommentRepository findByTask returns sorted by createdAt asc" time="0.003">
    </testcase>
    <testcase classname="InMemoryCommentRepository findById returns null for unknown" name="InMemoryCommentRepository findById returns null for unknown" time="0">
    </testcase>
    <testcase classname="InMemoryCommentRepository update changes content" name="InMemoryCommentRepository update changes content" time="0">
    </testcase>
    <testcase classname="InMemoryCommentRepository update throws NotFoundError for unknown" name="InMemoryCommentRepository update throws NotFoundError for unknown" time="0.001">
    </testcase>
    <testcase classname="InMemoryCommentRepository delete removes comment" name="InMemoryCommentRepository delete removes comment" time="0">
    </testcase>
    <testcase classname="InMemoryCommentRepository deleteByTaskId removes all comments for task" name="InMemoryCommentRepository deleteByTaskId removes all comments for task" time="0">
    </testcase>
    <testcase classname="InMemoryCommentRepository findByTask returns empty array for unknown task" name="InMemoryCommentRepository findByTask returns empty array for unknown task" time="0">
    </testcase>
    <testcase classname="InMemoryTaskHistoryRepository creates a history entry" name="InMemoryTaskHistoryRepository creates a history entry" time="0">
    </testcase>
    <testcase classname="InMemoryTaskHistoryRepository findByTask returns entries sorted desc by changedAt" name="InMemoryTaskHistoryRepository findByTask returns entries sorted desc by changedAt" time="0">
    </testcase>
    <testcase classname="InMemoryTaskHistoryRepository deleteByTaskId removes history" name="InMemoryTaskHistoryRepository deleteByTaskId removes history" time="0.001">
    </testcase>
  </testsuite>
  <testsuite name="DeadlineBasedPriorityStrategy" errors="0" failures="0" skipped="0" timestamp="2026-06-07T22:39:25" time="0.022" tests="50">
    <testcase classname="DeadlineBasedPriorityStrategy name is &quot;deadline-based&quot;" name="DeadlineBasedPriorityStrategy name is &quot;deadline-based&quot;" time="0">
    </testcase>
    <testcase classname="DeadlineBasedPriorityStrategy CRITICAL without due date returns base 1000" name="DeadlineBasedPriorityStrategy CRITICAL without due date returns base 1000" time="0.001">
    </testcase>
    <testcase classname="DeadlineBasedPriorityStrategy HIGH without due date returns base 100" name="DeadlineBasedPriorityStrategy HIGH without due date returns base 100" time="0">
    </testcase>
    <testcase classname="DeadlineBasedPriorityStrategy MEDIUM without due date returns base 10" name="DeadlineBasedPriorityStrategy MEDIUM without due date returns base 10" time="0">
    </testcase>
    <testcase classname="DeadlineBasedPriorityStrategy LOW without due date returns base 1" name="DeadlineBasedPriorityStrategy LOW without due date returns base 1" time="0">
    </testcase>
    <testcase classname="DeadlineBasedPriorityStrategy overdue task gets higher weight than non-overdue" name="DeadlineBasedPriorityStrategy overdue task gets higher weight than non-overdue" time="0">
    </testcase>
    <testcase classname="DeadlineBasedPriorityStrategy due within 1 day gets 10x multiplier" name="DeadlineBasedPriorityStrategy due within 1 day gets 10x multiplier" time="0">
    </testcase>
    <testcase classname="DeadlineBasedPriorityStrategy due within 3 days gets 5x multiplier" name="DeadlineBasedPriorityStrategy due within 3 days gets 5x multiplier" time="0">
    </testcase>
    <testcase classname="DeadlineBasedPriorityStrategy due within 7 days gets 2x multiplier" name="DeadlineBasedPriorityStrategy due within 7 days gets 2x multiplier" time="0">
    </testcase>
    <testcase classname="DeadlineBasedPriorityStrategy shouldEscalate returns true when due within 24h" name="DeadlineBasedPriorityStrategy shouldEscalate returns true when due within 24h" time="0">
    </testcase>
    <testcase classname="DeadlineBasedPriorityStrategy shouldEscalate returns false for DONE task even if overdue" name="DeadlineBasedPriorityStrategy shouldEscalate returns false for DONE task even if overdue" time="0">
    </testcase>
    <testcase classname="DeadlineBasedPriorityStrategy shouldEscalate returns false when no due date" name="DeadlineBasedPriorityStrategy shouldEscalate returns false when no due date" time="0">
    </testcase>
    <testcase classname="DeadlineBasedPriorityStrategy shouldEscalate returns false when CANCELLED" name="DeadlineBasedPriorityStrategy shouldEscalate returns false when CANCELLED" time="0">
    </testcase>
    <testcase classname="ComplexityBasedPriorityStrategy name is &quot;complexity-based&quot;" name="ComplexityBasedPriorityStrategy name is &quot;complexity-based&quot;" time="0">
    </testcase>
    <testcase classname="ComplexityBasedPriorityStrategy CRITICAL base weight is 400" name="ComplexityBasedPriorityStrategy CRITICAL base weight is 400" time="0">
    </testcase>
    <testcase classname="ComplexityBasedPriorityStrategy adds weight for estimatedHours" name="ComplexityBasedPriorityStrategy adds weight for estimatedHours" time="0">
    </testcase>
    <testcase classname="ComplexityBasedPriorityStrategy estimatedHours capped at 200 extra points" name="ComplexityBasedPriorityStrategy estimatedHours capped at 200 extra points" time="0">
    </testcase>
    <testcase classname="ComplexityBasedPriorityStrategy description adds weight" name="ComplexityBasedPriorityStrategy description adds weight" time="0">
    </testcase>
    <testcase classname="ComplexityBasedPriorityStrategy shouldEscalate returns true for CRITICAL + TODO" name="ComplexityBasedPriorityStrategy shouldEscalate returns true for CRITICAL + TODO" time="0">
    </testcase>
    <testcase classname="ComplexityBasedPriorityStrategy shouldEscalate returns false for non-CRITICAL" name="ComplexityBasedPriorityStrategy shouldEscalate returns false for non-CRITICAL" time="0.001">
    </testcase>
    <testcase classname="ComplexityBasedPriorityStrategy shouldEscalate returns false for CRITICAL + DONE" name="ComplexityBasedPriorityStrategy shouldEscalate returns false for CRITICAL + DONE" time="0">
    </testcase>
    <testcase classname="HybridPriorityStrategy name is &quot;hybrid&quot;" name="HybridPriorityStrategy name is &quot;hybrid&quot;" time="0">
    </testcase>
    <testcase classname="HybridPriorityStrategy overdue CRITICAL task has high weight" name="HybridPriorityStrategy overdue CRITICAL task has high weight" time="0">
    </testcase>
    <testcase classname="HybridPriorityStrategy shouldEscalate combines both strategies" name="HybridPriorityStrategy shouldEscalate combines both strategies" time="0">
    </testcase>
    <testcase classname="LinearPenaltyStrategy name is &quot;linear&quot;" name="LinearPenaltyStrategy name is &quot;linear&quot;" time="0">
    </testcase>
    <testcase classname="LinearPenaltyStrategy returns 0 for task without due date" name="LinearPenaltyStrategy returns 0 for task without due date" time="0">
    </testcase>
    <testcase classname="LinearPenaltyStrategy returns 0 for DONE task even if overdue" name="LinearPenaltyStrategy returns 0 for DONE task even if overdue" time="0">
    </testcase>
    <testcase classname="LinearPenaltyStrategy returns 0 for CANCELLED task" name="LinearPenaltyStrategy returns 0 for CANCELLED task" time="0">
    </testcase>
    <testcase classname="LinearPenaltyStrategy returns 0 for future due date" name="LinearPenaltyStrategy returns 0 for future due date" time="0.001">
    </testcase>
    <testcase classname="LinearPenaltyStrategy returns positive penalty for overdue task" name="LinearPenaltyStrategy returns positive penalty for overdue task" time="0">
    </testcase>
    <testcase classname="LinearPenaltyStrategy penalty increases with more overdue days" name="LinearPenaltyStrategy penalty increases with more overdue days" time="0">
    </testcase>
    <testcase classname="LinearPenaltyStrategy describe returns string" name="LinearPenaltyStrategy describe returns string" time="0">
    </testcase>
    <testcase classname="ExponentialPenaltyStrategy name is &quot;exponential&quot;" name="ExponentialPenaltyStrategy name is &quot;exponential&quot;" time="0">
    </testcase>
    <testcase classname="ExponentialPenaltyStrategy returns 0 for non-overdue" name="ExponentialPenaltyStrategy returns 0 for non-overdue" time="0">
    </testcase>
    <testcase classname="ExponentialPenaltyStrategy returns higher penalty than linear for same overdue" name="ExponentialPenaltyStrategy returns higher penalty than linear for same overdue" time="0">
    </testcase>
    <testcase classname="ExponentialPenaltyStrategy caps at 2^10 = 1024" name="ExponentialPenaltyStrategy caps at 2^10 = 1024" time="0">
    </testcase>
    <testcase classname="TieredPenaltyStrategy name is &quot;tiered&quot;" name="TieredPenaltyStrategy name is &quot;tiered&quot;" time="0.001">
    </testcase>
    <testcase classname="TieredPenaltyStrategy 1-3 days overdue → 5 points" name="TieredPenaltyStrategy 1-3 days overdue → 5 points" time="0">
    </testcase>
    <testcase classname="TieredPenaltyStrategy 4-7 days overdue → 15 points" name="TieredPenaltyStrategy 4-7 days overdue → 15 points" time="0">
    </testcase>
    <testcase classname="TieredPenaltyStrategy 8-14 days overdue → 30 points" name="TieredPenaltyStrategy 8-14 days overdue → 30 points" time="0">
    </testcase>
    <testcase classname="TieredPenaltyStrategy 15+ days overdue → 50 points" name="TieredPenaltyStrategy 15+ days overdue → 50 points" time="0">
    </testcase>
    <testcase classname="TieredPenaltyStrategy returns 0 for non-overdue" name="TieredPenaltyStrategy returns 0 for non-overdue" time="0">
    </testcase>
    <testcase classname="TaskPriorityContext rank sorts by weight descending" name="TaskPriorityContext rank sorts by weight descending" time="0">
    </testcase>
    <testcase classname="TaskPriorityContext getEscalations returns only tasks that should escalate" name="TaskPriorityContext getEscalations returns only tasks that should escalate" time="0">
    </testcase>
    <testcase classname="TaskPriorityContext getStrategyName returns correct name" name="TaskPriorityContext getStrategyName returns correct name" time="0">
    </testcase>
    <testcase classname="TaskPriorityContext setStrategy changes algorithm" name="TaskPriorityContext setStrategy changes algorithm" time="0">
    </testcase>
    <testcase classname="PenaltyContext getPenalty delegates to strategy" name="PenaltyContext getPenalty delegates to strategy" time="0">
    </testcase>
    <testcase classname="PenaltyContext getTotalPenalty sums all tasks" name="PenaltyContext getTotalPenalty sums all tasks" time="0">
    </testcase>
    <testcase classname="PenaltyContext setStrategy switches algorithm" name="PenaltyContext setStrategy switches algorithm" time="0">
    </testcase>
    <testcase classname="PenaltyContext describe returns string from strategy" name="PenaltyContext describe returns string from strategy" time="0">
    </testcase>
  </testsuite>
  <testsuite name="EventBus (Singleton)" errors="0" failures="0" skipped="0" timestamp="2026-06-07T22:39:25" time="0.018" tests="23">
    <testcase classname="EventBus (Singleton) getInstance always returns same instance" name="EventBus (Singleton) getInstance always returns same instance" time="0">
    </testcase>
    <testcase classname="EventBus (Singleton) reset creates a new instance" name="EventBus (Singleton) reset creates a new instance" time="0">
    </testcase>
    <testcase classname="EventBus (Singleton) subscribe + notify calls observer" name="EventBus (Singleton) subscribe + notify calls observer" time="0">
    </testcase>
    <testcase classname="EventBus (Singleton) unsubscribe prevents further calls" name="EventBus (Singleton) unsubscribe prevents further calls" time="0">
    </testcase>
    <testcase classname="EventBus (Singleton) duplicate subscribe does not double-fire" name="EventBus (Singleton) duplicate subscribe does not double-fire" time="0">
    </testcase>
    <testcase classname="EventBus (Singleton) observers are isolated per event type" name="EventBus (Singleton) observers are isolated per event type" time="0">
    </testcase>
    <testcase classname="EventBus (Singleton) getLog stores all events" name="EventBus (Singleton) getLog stores all events" time="0">
    </testcase>
    <testcase classname="EventBus (Singleton) clearLog empties the log" name="EventBus (Singleton) clearLog empties the log" time="0">
    </testcase>
    <testcase classname="EventBus (Singleton) observer errors do not stop notification chain" name="EventBus (Singleton) observer errors do not stop notification chain" time="0">
    </testcase>
    <testcase classname="NotificationObserver generates notification for task.created" name="NotificationObserver generates notification for task.created" time="0">
    </testcase>
    <testcase classname="NotificationObserver generates notification for task.status_changed" name="NotificationObserver generates notification for task.status_changed" time="0">
    </testcase>
    <testcase classname="NotificationObserver generates notification for task.assigned" name="NotificationObserver generates notification for task.assigned" time="0">
    </testcase>
    <testcase classname="NotificationObserver generates notification for task.overdue" name="NotificationObserver generates notification for task.overdue" time="0">
    </testcase>
    <testcase classname="NotificationObserver ignores unknown events" name="NotificationObserver ignores unknown events" time="0">
    </testcase>
    <testcase classname="NotificationObserver clear empties notifications" name="NotificationObserver clear empties notifications" time="0">
    </testcase>
    <testcase classname="AuditLogObserver logs all events" name="AuditLogObserver logs all events" time="0">
    </testcase>
    <testcase classname="AuditLogObserver getLogsByEvent filters correctly" name="AuditLogObserver getLogsByEvent filters correctly" time="0">
    </testcase>
    <testcase classname="AuditLogObserver clear empties logs" name="AuditLogObserver clear empties logs" time="0">
    </testcase>
    <testcase classname="AuditLogObserver records entityId from task" name="AuditLogObserver records entityId from task" time="0">
    </testcase>
    <testcase classname="OverdueCheckerObserver emits task.overdue event for overdue task" name="OverdueCheckerObserver emits task.overdue event for overdue task" time="0.001">
    </testcase>
    <testcase classname="OverdueCheckerObserver does not emit overdue for DONE task" name="OverdueCheckerObserver does not emit overdue for DONE task" time="0">
    </testcase>
    <testcase classname="OverdueCheckerObserver does not re-escalate same task twice" name="OverdueCheckerObserver does not re-escalate same task twice" time="0">
    </testcase>
    <testcase classname="OverdueCheckerObserver reset clears escalated ids" name="OverdueCheckerObserver reset clears escalated ids" time="0">
    </testcase>
  </testsuite>
</testsuites>